Archive member included to satisfy reference by file (symbol)

../../lib//libmylib.a(communication.o)
                              test.o (_ZN13Communication10initializeEv)
../../lib//libmylib.a(memoire_24.o)
                              test.o (_ZN13Memoire24CXXX10initializeEv)
../../lib//libmylib.a(svg.o)  test.o (_ZN3SVG11transmitSVGEv)
../../lib//libmylib.a(vector.o)
                              ../../lib//libmylib.a(svg.o) (_ZN6VectorC1ERKS_)
../../lib//libmylib.a(area.o)
                              ../../lib//libmylib.a(svg.o) (_ZN4Area13calculateAreaE6Vector)
../../lib//libmylib.a(point.o)
                              ../../lib//libmylib.a(area.o) (_ZN5PointC1Eh)
../../lib//libmylib.a(shape.o)
                              ../../lib//libmylib.a(svg.o) (_ZN5ShapeC1Ev)
/usr/lib/gcc/avr/11.2.0/avr5/libgcc.a(_udivmodhi4.o)
                              ../../lib//libmylib.a(svg.o) (__udivmodhi4)
/usr/lib/gcc/avr/11.2.0/avr5/libgcc.a(_divmodhi4.o)
                              ../../lib//libmylib.a(area.o) (__divmodhi4)
/usr/lib/gcc/avr/11.2.0/avr5/libgcc.a(_exit.o)
                              /usr/lib/gcc/avr/11.2.0/../../../../avr/lib/avr5/crtatmega324pa.o (exit)
/usr/lib/gcc/avr/11.2.0/avr5/libgcc.a(_copy_data.o)
                              ../../lib//libmylib.a(memoire_24.o) (__do_copy_data)
/usr/lib/gcc/avr/11.2.0/avr5/libgcc.a(_clear_bss.o)
                              ../../lib//libmylib.a(svg.o) (__do_clear_bss)
/usr/lib/gcc/avr/11.2.0/../../../../avr/lib/avr5/libm.a(addsf3.o)
                              ../../lib//libmylib.a(shape.o) (__addsf3)
/usr/lib/gcc/avr/11.2.0/../../../../avr/lib/avr5/libm.a(addsf3x.o)
                              /usr/lib/gcc/avr/11.2.0/../../../../avr/lib/avr5/libm.a(addsf3.o) (__addsf3x)
/usr/lib/gcc/avr/11.2.0/../../../../avr/lib/avr5/libm.a(fixsfsi.o)
                              ../../lib//libmylib.a(area.o) (__fixsfsi)
/usr/lib/gcc/avr/11.2.0/../../../../avr/lib/avr5/libm.a(fixunssfsi.o)
                              /usr/lib/gcc/avr/11.2.0/../../../../avr/lib/avr5/libm.a(fixsfsi.o) (__fixunssfsi)
/usr/lib/gcc/avr/11.2.0/../../../../avr/lib/avr5/libm.a(floatsisf.o)
                              ../../lib//libmylib.a(area.o) (__floatsisf)
/usr/lib/gcc/avr/11.2.0/../../../../avr/lib/avr5/libm.a(fp_inf.o)
                              /usr/lib/gcc/avr/11.2.0/../../../../avr/lib/avr5/libm.a(addsf3x.o) (__fp_inf)
/usr/lib/gcc/avr/11.2.0/../../../../avr/lib/avr5/libm.a(fp_nan.o)
                              /usr/lib/gcc/avr/11.2.0/../../../../avr/lib/avr5/libm.a(addsf3x.o) (__fp_nan)
/usr/lib/gcc/avr/11.2.0/../../../../avr/lib/avr5/libm.a(fp_pscA.o)
                              /usr/lib/gcc/avr/11.2.0/../../../../avr/lib/avr5/libm.a(addsf3x.o) (__fp_pscA)
/usr/lib/gcc/avr/11.2.0/../../../../avr/lib/avr5/libm.a(fp_pscB.o)
                              /usr/lib/gcc/avr/11.2.0/../../../../avr/lib/avr5/libm.a(addsf3x.o) (__fp_pscB)
/usr/lib/gcc/avr/11.2.0/../../../../avr/lib/avr5/libm.a(fp_round.o)
                              /usr/lib/gcc/avr/11.2.0/../../../../avr/lib/avr5/libm.a(addsf3.o) (__fp_round)
/usr/lib/gcc/avr/11.2.0/../../../../avr/lib/avr5/libm.a(fp_split3.o)
                              /usr/lib/gcc/avr/11.2.0/../../../../avr/lib/avr5/libm.a(addsf3x.o) (__fp_split3)
/usr/lib/gcc/avr/11.2.0/../../../../avr/lib/avr5/libm.a(fp_zero.o)
                              /usr/lib/gcc/avr/11.2.0/../../../../avr/lib/avr5/libm.a(addsf3x.o) (__fp_zero)
/usr/lib/gcc/avr/11.2.0/../../../../avr/lib/avr5/libm.a(mulsf3.o)
                              ../../lib//libmylib.a(area.o) (__mulsf3)
/usr/lib/gcc/avr/11.2.0/../../../../avr/lib/avr5/libm.a(mulsf3x.o)
                              /usr/lib/gcc/avr/11.2.0/../../../../avr/lib/avr5/libm.a(mulsf3.o) (__mulsf3x)
/usr/lib/gcc/avr/11.2.0/../../../../avr/lib/avr5/libm.a(square.o)
                              ../../lib//libmylib.a(shape.o) (square)
/usr/lib/gcc/avr/11.2.0/../../../../avr/lib/avr5/libc.a(itoa_ncheck.o)
                              ../../lib//libmylib.a(svg.o) (__itoa_ncheck)
/usr/lib/gcc/avr/11.2.0/../../../../avr/lib/avr5/libc.a(utoa_ncheck.o)
                              /usr/lib/gcc/avr/11.2.0/../../../../avr/lib/avr5/libc.a(itoa_ncheck.o) (__utoa_common)
/usr/lib/gcc/avr/11.2.0/../../../../avr/lib/avr5/libc.a(strrev.o)
                              /usr/lib/gcc/avr/11.2.0/../../../../avr/lib/avr5/libc.a(utoa_ncheck.o) (strrev)

Discarded input sections

 .group         0x0000000000000000        0xc ../../lib//libmylib.a(svg.o)

Memory Configuration

Name             Origin             Length             Attributes
text             0x0000000000000000 0x0000000000008000 xr
data             0x0000000000800060 0x0000000000000800 rw !x
eeprom           0x0000000000810000 0x0000000000000400 rw !x
fuse             0x0000000000820000 0x0000000000000003 rw !x
lock             0x0000000000830000 0x0000000000000400 rw !x
signature        0x0000000000840000 0x0000000000000400 rw !x
user_signatures  0x0000000000850000 0x0000000000000400 rw !x
*default*        0x0000000000000000 0xffffffffffffffff

Linker script and memory map

Address of section .data set to 0x800100
LOAD /usr/lib/gcc/avr/11.2.0/../../../../avr/lib/avr5/crtatmega324pa.o
LOAD test.o
LOAD /usr/lib/gcc/avr/11.2.0/../../../../avr/lib/avr5/libm.a
LOAD ../../lib//libmylib.a
START GROUP
LOAD /usr/lib/gcc/avr/11.2.0/avr5/libgcc.a
LOAD /usr/lib/gcc/avr/11.2.0/../../../../avr/lib/avr5/libm.a
LOAD /usr/lib/gcc/avr/11.2.0/../../../../avr/lib/avr5/libc.a
LOAD /usr/lib/gcc/avr/11.2.0/../../../../avr/lib/avr5/libatmega324pa.a
END GROUP
                [0x0000000000008000]                __TEXT_REGION_LENGTH__ = DEFINED (__TEXT_REGION_LENGTH__)?__TEXT_REGION_LENGTH__:0x20000
                [0x0000000000000800]                __DATA_REGION_LENGTH__ = DEFINED (__DATA_REGION_LENGTH__)?__DATA_REGION_LENGTH__:0xffa0
                [0x0000000000000400]                __EEPROM_REGION_LENGTH__ = DEFINED (__EEPROM_REGION_LENGTH__)?__EEPROM_REGION_LENGTH__:0x10000
                [0x0000000000000003]                __FUSE_REGION_LENGTH__ = DEFINED (__FUSE_REGION_LENGTH__)?__FUSE_REGION_LENGTH__:0x400
                0x0000000000000400                __LOCK_REGION_LENGTH__ = DEFINED (__LOCK_REGION_LENGTH__)?__LOCK_REGION_LENGTH__:0x400
                0x0000000000000400                __SIGNATURE_REGION_LENGTH__ = DEFINED (__SIGNATURE_REGION_LENGTH__)?__SIGNATURE_REGION_LENGTH__:0x400
                0x0000000000000400                __USER_SIGNATURE_REGION_LENGTH__ = DEFINED (__USER_SIGNATURE_REGION_LENGTH__)?__USER_SIGNATURE_REGION_LENGTH__:0x400

.hash
 *(.hash)

.dynsym
 *(.dynsym)

.dynstr
 *(.dynstr)

.gnu.version
 *(.gnu.version)

.gnu.version_d
 *(.gnu.version_d)

.gnu.version_r
 *(.gnu.version_r)

.rel.init
 *(.rel.init)

.rela.init
 *(.rela.init)

.rel.text
 *(.rel.text)
 *(.rel.text.*)
 *(.rel.gnu.linkonce.t*)

.rela.text
 *(.rela.text)
 *(.rela.text.*)
 *(.rela.gnu.linkonce.t*)

.rel.fini
 *(.rel.fini)

.rela.fini
 *(.rela.fini)

.rel.rodata
 *(.rel.rodata)
 *(.rel.rodata.*)
 *(.rel.gnu.linkonce.r*)

.rela.rodata
 *(.rela.rodata)
 *(.rela.rodata.*)
 *(.rela.gnu.linkonce.r*)

.rel.data
 *(.rel.data)
 *(.rel.data.*)
 *(.rel.gnu.linkonce.d*)

.rela.data
 *(.rela.data)
 *(.rela.data.*)
 *(.rela.gnu.linkonce.d*)

.rel.ctors
 *(.rel.ctors)

.rela.ctors
 *(.rela.ctors)

.rel.dtors
 *(.rel.dtors)

.rela.dtors
 *(.rela.dtors)

.rel.got
 *(.rel.got)

.rela.got
 *(.rela.got)

.rel.bss
 *(.rel.bss)

.rela.bss
 *(.rela.bss)

.rel.plt
 *(.rel.plt)

.rela.plt
 *(.rela.plt)

.text           0x0000000000000000     0x1992
 *(.vectors)
 .vectors       0x0000000000000000       0x7c /usr/lib/gcc/avr/11.2.0/../../../../avr/lib/avr5/crtatmega324pa.o
                0x0000000000000000                __vectors
                0x0000000000000000                __vector_default
 *(.vectors)
 *(.progmem.gcc*)
                0x000000000000007c                . = ALIGN (0x2)
                0x000000000000007c                __trampolines_start = .
 *(.trampolines)
 .trampolines   0x000000000000007c        0x0 linker stubs
 *(.trampolines*)
                0x000000000000007c                __trampolines_end = .
 *libprintf_flt.a:*(.progmem.data)
 *libc.a:*(.progmem.data)
 *(.progmem.*)
                0x000000000000007c                . = ALIGN (0x2)
 *(.lowtext)
 *(.lowtext*)
                0x000000000000007c                __ctors_start = .
 *(.ctors)
                0x000000000000007c                __ctors_end = .
                0x000000000000007c                __dtors_start = .
 *(.dtors)
                0x000000000000007c                __dtors_end = .
 SORT_BY_NAME(*)(.ctors)
 SORT_BY_NAME(*)(.dtors)
 *(.init0)
 .init0         0x000000000000007c        0x0 /usr/lib/gcc/avr/11.2.0/../../../../avr/lib/avr5/crtatmega324pa.o
                0x000000000000007c                __init
 *(.init0)
 *(.init1)
 *(.init1)
 *(.init2)
 .init2         0x000000000000007c        0xc /usr/lib/gcc/avr/11.2.0/../../../../avr/lib/avr5/crtatmega324pa.o
 *(.init2)
 *(.init3)
 *(.init3)
 *(.init4)
 .init4         0x0000000000000088       0x16 /usr/lib/gcc/avr/11.2.0/avr5/libgcc.a(_copy_data.o)
                0x0000000000000088                __do_copy_data
 .init4         0x000000000000009e       0x10 /usr/lib/gcc/avr/11.2.0/avr5/libgcc.a(_clear_bss.o)
                0x000000000000009e                __do_clear_bss
 *(.init4)
 *(.init5)
 *(.init5)
 *(.init6)
 *(.init6)
 *(.init7)
 *(.init7)
 *(.init8)
 *(.init8)
 *(.init9)
 .init9         0x00000000000000ae        0x8 /usr/lib/gcc/avr/11.2.0/../../../../avr/lib/avr5/crtatmega324pa.o
 *(.init9)
 *(.text)
 .text          0x00000000000000b6        0x4 /usr/lib/gcc/avr/11.2.0/../../../../avr/lib/avr5/crtatmega324pa.o
                0x00000000000000b6                __vector_22
                0x00000000000000b6                __vector_28
                0x00000000000000b6                __vector_1
                0x00000000000000b6                __vector_24
                0x00000000000000b6                __vector_12
                0x00000000000000b6                __bad_interrupt
                0x00000000000000b6                __vector_6
                0x00000000000000b6                __vector_3
                0x00000000000000b6                __vector_23
                0x00000000000000b6                __vector_30
                0x00000000000000b6                __vector_25
                0x00000000000000b6                __vector_11
                0x00000000000000b6                __vector_13
                0x00000000000000b6                __vector_17
                0x00000000000000b6                __vector_19
                0x00000000000000b6                __vector_7
                0x00000000000000b6                __vector_27
                0x00000000000000b6                __vector_5
                0x00000000000000b6                __vector_4
                0x00000000000000b6                __vector_9
                0x00000000000000b6                __vector_2
                0x00000000000000b6                __vector_21
                0x00000000000000b6                __vector_15
                0x00000000000000b6                __vector_29
                0x00000000000000b6                __vector_8
                0x00000000000000b6                __vector_26
                0x00000000000000b6                __vector_14
                0x00000000000000b6                __vector_10
                0x00000000000000b6                __vector_16
                0x00000000000000b6                __vector_18
                0x00000000000000b6                __vector_20
 .text          0x00000000000000ba        0x0 test.o
 .text          0x00000000000000ba       0x2a ../../lib//libmylib.a(communication.o)
                0x00000000000000ba                _ZN13Communication10initializeEv
                0x00000000000000d6                _ZN13Communication11receiveUARTEv
 .text          0x00000000000000e4      0x362 ../../lib//libmylib.a(memoire_24.o)
                0x00000000000000e4                _ZN13Memoire24CXXX10initializeEv
                0x00000000000000f6                _ZN13Memoire24CXXX12choisir_bancEh
                0x000000000000010c                _ZN13Memoire24CXXX7lectureEjPh
                0x00000000000001da                _ZN13Memoire24CXXX7lectureEjPhh
                0x00000000000002b0                _ZN13Memoire24CXXX8ecritureEjh
                0x000000000000034c                _ZN13Memoire24CXXX11ecrire_pageEjPhh
                0x0000000000000400                _ZN13Memoire24CXXX8ecritureEjPhh
 .text          0x0000000000000446      0x684 ../../lib//libmylib.a(svg.o)
                0x0000000000000446                _ZN3SVG14calculateCrc32EPKcm
                0x0000000000000506                _ZN3SVG14transmitStringEPKcm
                0x000000000000053c                _ZN3SVG12convertToHexEmPc
                0x00000000000005b4                _ZN3SVG11transmitSVGEv
                0x0000000000000a40                _ZN3SVG11transmitCrcEv
 .text          0x0000000000000aca       0xb2 ../../lib//libmylib.a(vector.o)
                0x0000000000000aca                _ZN6VectorC1Eh
                0x0000000000000aca                _ZN6VectorC2Eh
                0x0000000000000ad4                _ZN6VectorC1ERKS_
                0x0000000000000ad4                _ZN6VectorC2ERKS_
                0x0000000000000aec                _ZN6VectorD1Ev
                0x0000000000000aec                _ZN6VectorD2Ev
                0x0000000000000aee                _ZN6Vector9push_backEh
                0x0000000000000b0e                _ZN6Vector8pop_backEv
                0x0000000000000b1e                _ZN6Vector7getSizeEv
                0x0000000000000b24                _ZN6Vector18getStartingAddressEv
                0x0000000000000b2a                _ZN6Vector7getDataEh
                0x0000000000000b56                _ZN6Vector9writeDataEhh
                0x0000000000000b68                _ZN6Vector3topEv
                0x0000000000000b70                _ZN6Vector5emptyEv
 .text          0x0000000000000b7c      0x14a ../../lib//libmylib.a(area.o)
                0x0000000000000b7c                _ZN4AreaC1Ev
                0x0000000000000b7c                _ZN4AreaC2Ev
                0x0000000000000b7e                _ZN4AreaD2Ev
                0x0000000000000b7e                _ZN4AreaD1Ev
                0x0000000000000b80                _ZN4Area13calculateAreaE6Vector
 .text          0x0000000000000cc6       0x3e ../../lib//libmylib.a(point.o)
                0x0000000000000cc6                _ZN5PointC1Eh
                0x0000000000000cc6                _ZN5PointC2Eh
                0x0000000000000cda                _ZN5PointaSERKS_
                0x0000000000000cf2                _ZN5Point7addressEv
                0x0000000000000cf8                _ZN5Point1xEv
                0x0000000000000cfe                _ZN5Point1yEv
 .text          0x0000000000000d04      0x7fa ../../lib//libmylib.a(shape.o)
                0x0000000000000d04                _ZN5ShapeC1Ev
                0x0000000000000d04                _ZN5ShapeC2Ev
                0x0000000000000d1e                _ZN5ShapeD1Ev
                0x0000000000000d1e                _ZN5ShapeD2Ev
                0x0000000000000d22                _ZN5Shape9nextToTopE6Vector
                0x0000000000000d42                _ZN5Shape18getPoleCoordinatesEv
                0x0000000000000d92                _ZN5Shape6distSqE5PointS0_
                0x0000000000000e9a                _ZN5Shape11orientationE5PointS0_S0_
                0x0000000000000f7c                _ZN5Shape12switchPointsEhh
                0x0000000000000fc0                _ZN5Shape7compareE5PointS0_
                0x0000000000001052                _ZN5Shape4sortEv
                0x00000000000011b8                _ZN5Shape10convexFormEv
 .text          0x00000000000014fe        0x0 /usr/lib/gcc/avr/11.2.0/avr5/libgcc.a(_udivmodhi4.o)
 .text          0x00000000000014fe        0x0 /usr/lib/gcc/avr/11.2.0/avr5/libgcc.a(_divmodhi4.o)
 .text          0x00000000000014fe        0x0 /usr/lib/gcc/avr/11.2.0/avr5/libgcc.a(_exit.o)
 .text          0x00000000000014fe        0x0 /usr/lib/gcc/avr/11.2.0/avr5/libgcc.a(_copy_data.o)
 .text          0x00000000000014fe        0x0 /usr/lib/gcc/avr/11.2.0/avr5/libgcc.a(_clear_bss.o)
 .text          0x00000000000014fe        0x0 /usr/lib/gcc/avr/11.2.0/../../../../avr/lib/avr5/libm.a(addsf3.o)
 .text          0x00000000000014fe        0x0 /usr/lib/gcc/avr/11.2.0/../../../../avr/lib/avr5/libm.a(addsf3x.o)
 .text          0x00000000000014fe        0x0 /usr/lib/gcc/avr/11.2.0/../../../../avr/lib/avr5/libm.a(fixsfsi.o)
 .text          0x00000000000014fe        0x0 /usr/lib/gcc/avr/11.2.0/../../../../avr/lib/avr5/libm.a(fixunssfsi.o)
 .text          0x00000000000014fe        0x0 /usr/lib/gcc/avr/11.2.0/../../../../avr/lib/avr5/libm.a(floatsisf.o)
 .text          0x00000000000014fe        0x0 /usr/lib/gcc/avr/11.2.0/../../../../avr/lib/avr5/libm.a(fp_inf.o)
 .text          0x00000000000014fe        0x0 /usr/lib/gcc/avr/11.2.0/../../../../avr/lib/avr5/libm.a(fp_nan.o)
 .text          0x00000000000014fe        0x0 /usr/lib/gcc/avr/11.2.0/../../../../avr/lib/avr5/libm.a(fp_pscA.o)
 .text          0x00000000000014fe        0x0 /usr/lib/gcc/avr/11.2.0/../../../../avr/lib/avr5/libm.a(fp_pscB.o)
 .text          0x00000000000014fe        0x0 /usr/lib/gcc/avr/11.2.0/../../../../avr/lib/avr5/libm.a(fp_round.o)
 .text          0x00000000000014fe        0x0 /usr/lib/gcc/avr/11.2.0/../../../../avr/lib/avr5/libm.a(fp_split3.o)
 .text          0x00000000000014fe        0x0 /usr/lib/gcc/avr/11.2.0/../../../../avr/lib/avr5/libm.a(fp_zero.o)
 .text          0x00000000000014fe        0x0 /usr/lib/gcc/avr/11.2.0/../../../../avr/lib/avr5/libm.a(mulsf3.o)
 .text          0x00000000000014fe        0x0 /usr/lib/gcc/avr/11.2.0/../../../../avr/lib/avr5/libm.a(mulsf3x.o)
 .text          0x00000000000014fe        0x0 /usr/lib/gcc/avr/11.2.0/../../../../avr/lib/avr5/libm.a(square.o)
 .text          0x00000000000014fe        0x0 /usr/lib/gcc/avr/11.2.0/../../../../avr/lib/avr5/libc.a(itoa_ncheck.o)
 .text          0x00000000000014fe        0x0 /usr/lib/gcc/avr/11.2.0/../../../../avr/lib/avr5/libc.a(utoa_ncheck.o)
 .text          0x00000000000014fe        0x0 /usr/lib/gcc/avr/11.2.0/../../../../avr/lib/avr5/libc.a(strrev.o)
                0x00000000000014fe                . = ALIGN (0x2)
 *(.text.*)
 .text.startup  0x00000000000014fe       0x84 test.o
                0x00000000000014fe                main
 .text._ZN13Communication12transmitUARTIiEEvT_
                0x0000000000001582        0xe ../../lib//libmylib.a(svg.o)
                0x0000000000001582                _ZN13Communication12transmitUARTIiEEvT_
 .text.libgcc.mul
                0x0000000000001590        0x0 /usr/lib/gcc/avr/11.2.0/avr5/libgcc.a(_udivmodhi4.o)
 .text.libgcc.div
                0x0000000000001590       0x28 /usr/lib/gcc/avr/11.2.0/avr5/libgcc.a(_udivmodhi4.o)
                0x0000000000001590                __udivmodhi4
 .text.libgcc   0x00000000000015b8        0x0 /usr/lib/gcc/avr/11.2.0/avr5/libgcc.a(_udivmodhi4.o)
 .text.libgcc.prologue
                0x00000000000015b8        0x0 /usr/lib/gcc/avr/11.2.0/avr5/libgcc.a(_udivmodhi4.o)
 .text.libgcc.builtins
                0x00000000000015b8        0x0 /usr/lib/gcc/avr/11.2.0/avr5/libgcc.a(_udivmodhi4.o)
 .text.libgcc.fmul
                0x00000000000015b8        0x0 /usr/lib/gcc/avr/11.2.0/avr5/libgcc.a(_udivmodhi4.o)
 .text.libgcc.fixed
                0x00000000000015b8        0x0 /usr/lib/gcc/avr/11.2.0/avr5/libgcc.a(_udivmodhi4.o)
 .text.libgcc.mul
                0x00000000000015b8        0x0 /usr/lib/gcc/avr/11.2.0/avr5/libgcc.a(_divmodhi4.o)
 .text.libgcc.div
                0x00000000000015b8       0x28 /usr/lib/gcc/avr/11.2.0/avr5/libgcc.a(_divmodhi4.o)
                0x00000000000015b8                __divmodhi4
                0x00000000000015b8                _div
 .text.libgcc   0x00000000000015e0        0x0 /usr/lib/gcc/avr/11.2.0/avr5/libgcc.a(_divmodhi4.o)
 .text.libgcc.prologue
                0x00000000000015e0        0x0 /usr/lib/gcc/avr/11.2.0/avr5/libgcc.a(_divmodhi4.o)
 .text.libgcc.builtins
                0x00000000000015e0        0x0 /usr/lib/gcc/avr/11.2.0/avr5/libgcc.a(_divmodhi4.o)
 .text.libgcc.fmul
                0x00000000000015e0        0x0 /usr/lib/gcc/avr/11.2.0/avr5/libgcc.a(_divmodhi4.o)
 .text.libgcc.fixed
                0x00000000000015e0        0x0 /usr/lib/gcc/avr/11.2.0/avr5/libgcc.a(_divmodhi4.o)
 .text.libgcc.mul
                0x00000000000015e0        0x0 /usr/lib/gcc/avr/11.2.0/avr5/libgcc.a(_exit.o)
 .text.libgcc.div
                0x00000000000015e0        0x0 /usr/lib/gcc/avr/11.2.0/avr5/libgcc.a(_exit.o)
 .text.libgcc   0x00000000000015e0        0x0 /usr/lib/gcc/avr/11.2.0/avr5/libgcc.a(_exit.o)
 .text.libgcc.prologue
                0x00000000000015e0        0x0 /usr/lib/gcc/avr/11.2.0/avr5/libgcc.a(_exit.o)
 .text.libgcc.builtins
                0x00000000000015e0        0x0 /usr/lib/gcc/avr/11.2.0/avr5/libgcc.a(_exit.o)
 .text.libgcc.fmul
                0x00000000000015e0        0x0 /usr/lib/gcc/avr/11.2.0/avr5/libgcc.a(_exit.o)
 .text.libgcc.fixed
                0x00000000000015e0        0x0 /usr/lib/gcc/avr/11.2.0/avr5/libgcc.a(_exit.o)
 .text.libgcc.mul
                0x00000000000015e0        0x0 /usr/lib/gcc/avr/11.2.0/avr5/libgcc.a(_copy_data.o)
 .text.libgcc.div
                0x00000000000015e0        0x0 /usr/lib/gcc/avr/11.2.0/avr5/libgcc.a(_copy_data.o)
 .text.libgcc   0x00000000000015e0        0x0 /usr/lib/gcc/avr/11.2.0/avr5/libgcc.a(_copy_data.o)
 .text.libgcc.prologue
                0x00000000000015e0        0x0 /usr/lib/gcc/avr/11.2.0/avr5/libgcc.a(_copy_data.o)
 .text.libgcc.builtins
                0x00000000000015e0        0x0 /usr/lib/gcc/avr/11.2.0/avr5/libgcc.a(_copy_data.o)
 .text.libgcc.fmul
                0x00000000000015e0        0x0 /usr/lib/gcc/avr/11.2.0/avr5/libgcc.a(_copy_data.o)
 .text.libgcc.fixed
                0x00000000000015e0        0x0 /usr/lib/gcc/avr/11.2.0/avr5/libgcc.a(_copy_data.o)
 .text.libgcc.mul
                0x00000000000015e0        0x0 /usr/lib/gcc/avr/11.2.0/avr5/libgcc.a(_clear_bss.o)
 .text.libgcc.div
                0x00000000000015e0        0x0 /usr/lib/gcc/avr/11.2.0/avr5/libgcc.a(_clear_bss.o)
 .text.libgcc   0x00000000000015e0        0x0 /usr/lib/gcc/avr/11.2.0/avr5/libgcc.a(_clear_bss.o)
 .text.libgcc.prologue
                0x00000000000015e0        0x0 /usr/lib/gcc/avr/11.2.0/avr5/libgcc.a(_clear_bss.o)
 .text.libgcc.builtins
                0x00000000000015e0        0x0 /usr/lib/gcc/avr/11.2.0/avr5/libgcc.a(_clear_bss.o)
 .text.libgcc.fmul
                0x00000000000015e0        0x0 /usr/lib/gcc/avr/11.2.0/avr5/libgcc.a(_clear_bss.o)
 .text.libgcc.fixed
                0x00000000000015e0        0x0 /usr/lib/gcc/avr/11.2.0/avr5/libgcc.a(_clear_bss.o)
 .text.avr-libc.fplib
                0x00000000000015e0        0xe /usr/lib/gcc/avr/11.2.0/../../../../avr/lib/avr5/libm.a(addsf3.o)
                0x00000000000015e0                __subsf3
                0x00000000000015e2                __addsf3
 .text.avr-libc.fplib
                0x00000000000015ee       0xcc /usr/lib/gcc/avr/11.2.0/../../../../avr/lib/avr5/libm.a(addsf3x.o)
                0x0000000000001610                __addsf3x
 .text.avr-libc.fplib
                0x00000000000016ba        0xe /usr/lib/gcc/avr/11.2.0/../../../../avr/lib/avr5/libm.a(fixsfsi.o)
                0x00000000000016ba                __fixsfsi
 .text.avr-libc.fplib
                0x00000000000016c8       0x5e /usr/lib/gcc/avr/11.2.0/../../../../avr/lib/avr5/libm.a(fixunssfsi.o)
                0x00000000000016c8                __fixunssfsi
 .text.avr-libc.fplib
                0x0000000000001726       0x7a /usr/lib/gcc/avr/11.2.0/../../../../avr/lib/avr5/libm.a(floatsisf.o)
                0x0000000000001726                __floatunsisf
                0x000000000000172a                __floatsisf
 .text.avr-libc.fplib
                0x00000000000017a0        0xc /usr/lib/gcc/avr/11.2.0/../../../../avr/lib/avr5/libm.a(fp_inf.o)
                0x00000000000017a0                __fp_inf
 .text.avr-libc.fplib
                0x00000000000017ac        0x6 /usr/lib/gcc/avr/11.2.0/../../../../avr/lib/avr5/libm.a(fp_nan.o)
                0x00000000000017ac                __fp_nan
 .text.avr-libc.fplib
                0x00000000000017b2        0xe /usr/lib/gcc/avr/11.2.0/../../../../avr/lib/avr5/libm.a(fp_pscA.o)
                0x00000000000017b2                __fp_pscA
 .text.avr-libc.fplib
                0x00000000000017c0        0xe /usr/lib/gcc/avr/11.2.0/../../../../avr/lib/avr5/libm.a(fp_pscB.o)
                0x00000000000017c0                __fp_pscB
 .text.avr-libc.fplib
                0x00000000000017ce       0x22 /usr/lib/gcc/avr/11.2.0/../../../../avr/lib/avr5/libm.a(fp_round.o)
                0x00000000000017ce                __fp_round
 .text.avr-libc.fplib
                0x00000000000017f0       0x44 /usr/lib/gcc/avr/11.2.0/../../../../avr/lib/avr5/libm.a(fp_split3.o)
                0x00000000000017f0                __fp_split3
                0x0000000000001800                __fp_splitA
 .text.avr-libc.fplib
                0x0000000000001834        0xe /usr/lib/gcc/avr/11.2.0/../../../../avr/lib/avr5/libm.a(fp_zero.o)
                0x0000000000001834                __fp_zero
                0x0000000000001836                __fp_szero
 .text.avr-libc.fplib
                0x0000000000001842        0x8 /usr/lib/gcc/avr/11.2.0/../../../../avr/lib/avr5/libm.a(mulsf3.o)
                0x0000000000001842                __mulsf3
 .text.avr-libc.fplib
                0x000000000000184a       0xd2 /usr/lib/gcc/avr/11.2.0/../../../../avr/lib/avr5/libm.a(mulsf3x.o)
                0x0000000000001868                __mulsf3x
                0x000000000000186e                __mulsf3_pse
 .text.avr-libc.fplib
                0x000000000000191c        0x8 /usr/lib/gcc/avr/11.2.0/../../../../avr/lib/avr5/libm.a(square.o)
                0x000000000000191c                square
 .text.avr-libc
                0x0000000000001924       0x16 /usr/lib/gcc/avr/11.2.0/../../../../avr/lib/avr5/libc.a(itoa_ncheck.o)
                0x0000000000001924                __itoa_ncheck
 .text.avr-libc
                0x000000000000193a       0x34 /usr/lib/gcc/avr/11.2.0/../../../../avr/lib/avr5/libc.a(utoa_ncheck.o)
                0x000000000000193a                __utoa_ncheck
                0x000000000000193c                __utoa_common
 .text.avr-libc
                0x000000000000196e       0x20 /usr/lib/gcc/avr/11.2.0/../../../../avr/lib/avr5/libc.a(strrev.o)
                0x000000000000196e                strrev
                0x000000000000198e                . = ALIGN (0x2)
 *(.fini9)
 .fini9         0x000000000000198e        0x0 /usr/lib/gcc/avr/11.2.0/avr5/libgcc.a(_exit.o)
                0x000000000000198e                exit
                0x000000000000198e                _exit
 *(.fini9)
 *(.fini8)
 *(.fini8)
 *(.fini7)
 *(.fini7)
 *(.fini6)
 *(.fini6)
 *(.fini5)
 *(.fini5)
 *(.fini4)
 *(.fini4)
 *(.fini3)
 *(.fini3)
 *(.fini2)
 *(.fini2)
 *(.fini1)
 *(.fini1)
 *(.fini0)
 .fini0         0x000000000000198e        0x4 /usr/lib/gcc/avr/11.2.0/avr5/libgcc.a(_exit.o)
 *(.fini0)
 *(.hightext)
 *(.hightext*)
 *(.progmemx.*)
                0x0000000000001992                . = ALIGN (0x2)
 *(.jumptables)
 *(.jumptables*)
                0x0000000000001992                _etext = .

.data           0x0000000000800100      0x2c2 load address 0x0000000000001992
                0x0000000000800100                PROVIDE (__data_start = .)
 *(.data)
 .data          0x0000000000800100        0x0 /usr/lib/gcc/avr/11.2.0/../../../../avr/lib/avr5/crtatmega324pa.o
 .data          0x0000000000800100        0x0 test.o
 .data          0x0000000000800100        0x0 ../../lib//libmylib.a(communication.o)
 .data          0x0000000000800100        0x1 ../../lib//libmylib.a(memoire_24.o)
                0x0000000000800100                _ZN13Memoire24CXXX22m_adresse_peripheriqueE
 .data          0x0000000000800101        0x0 ../../lib//libmylib.a(svg.o)
 .data          0x0000000000800101        0x0 ../../lib//libmylib.a(vector.o)
 .data          0x0000000000800101        0x0 ../../lib//libmylib.a(area.o)
 .data          0x0000000000800101        0x0 ../../lib//libmylib.a(point.o)
 .data          0x0000000000800101        0x1 ../../lib//libmylib.a(shape.o)
                0x0000000000800101                maxColumns
 .data          0x0000000000800102        0x0 /usr/lib/gcc/avr/11.2.0/avr5/libgcc.a(_udivmodhi4.o)
 .data          0x0000000000800102        0x0 /usr/lib/gcc/avr/11.2.0/avr5/libgcc.a(_divmodhi4.o)
 .data          0x0000000000800102        0x0 /usr/lib/gcc/avr/11.2.0/avr5/libgcc.a(_exit.o)
 .data          0x0000000000800102        0x0 /usr/lib/gcc/avr/11.2.0/avr5/libgcc.a(_copy_data.o)
 .data          0x0000000000800102        0x0 /usr/lib/gcc/avr/11.2.0/avr5/libgcc.a(_clear_bss.o)
 .data          0x0000000000800102        0x0 /usr/lib/gcc/avr/11.2.0/../../../../avr/lib/avr5/libm.a(addsf3.o)
 .data          0x0000000000800102        0x0 /usr/lib/gcc/avr/11.2.0/../../../../avr/lib/avr5/libm.a(addsf3x.o)
 .data          0x0000000000800102        0x0 /usr/lib/gcc/avr/11.2.0/../../../../avr/lib/avr5/libm.a(fixsfsi.o)
 .data          0x0000000000800102        0x0 /usr/lib/gcc/avr/11.2.0/../../../../avr/lib/avr5/libm.a(fixunssfsi.o)
 .data          0x0000000000800102        0x0 /usr/lib/gcc/avr/11.2.0/../../../../avr/lib/avr5/libm.a(floatsisf.o)
 .data          0x0000000000800102        0x0 /usr/lib/gcc/avr/11.2.0/../../../../avr/lib/avr5/libm.a(fp_inf.o)
 .data          0x0000000000800102        0x0 /usr/lib/gcc/avr/11.2.0/../../../../avr/lib/avr5/libm.a(fp_nan.o)
 .data          0x0000000000800102        0x0 /usr/lib/gcc/avr/11.2.0/../../../../avr/lib/avr5/libm.a(fp_pscA.o)
 .data          0x0000000000800102        0x0 /usr/lib/gcc/avr/11.2.0/../../../../avr/lib/avr5/libm.a(fp_pscB.o)
 .data          0x0000000000800102        0x0 /usr/lib/gcc/avr/11.2.0/../../../../avr/lib/avr5/libm.a(fp_round.o)
 .data          0x0000000000800102        0x0 /usr/lib/gcc/avr/11.2.0/../../../../avr/lib/avr5/libm.a(fp_split3.o)
 .data          0x0000000000800102        0x0 /usr/lib/gcc/avr/11.2.0/../../../../avr/lib/avr5/libm.a(fp_zero.o)
 .data          0x0000000000800102        0x0 /usr/lib/gcc/avr/11.2.0/../../../../avr/lib/avr5/libm.a(mulsf3.o)
 .data          0x0000000000800102        0x0 /usr/lib/gcc/avr/11.2.0/../../../../avr/lib/avr5/libm.a(mulsf3x.o)
 .data          0x0000000000800102        0x0 /usr/lib/gcc/avr/11.2.0/../../../../avr/lib/avr5/libm.a(square.o)
 .data          0x0000000000800102        0x0 /usr/lib/gcc/avr/11.2.0/../../../../avr/lib/avr5/libc.a(itoa_ncheck.o)
 .data          0x0000000000800102        0x0 /usr/lib/gcc/avr/11.2.0/../../../../avr/lib/avr5/libc.a(utoa_ncheck.o)
 .data          0x0000000000800102        0x0 /usr/lib/gcc/avr/11.2.0/../../../../avr/lib/avr5/libc.a(strrev.o)
 *(.data*)
 *(.gnu.linkonce.d*)
 *(.rodata)
 .rodata        0x0000000000800102       0x44 ../../lib//libmylib.a(svg.o)
                0x0000000000800102                _ZN3SVG10hexDigits_E
                0x0000000000800112                _ZN3SVG12stringSizes_E
 *(.rodata*)
 .rodata.str1.1
                0x0000000000800146      0x27c ../../lib//libmylib.a(svg.o)
                                        0x27e (size before relaxing)
 *(.gnu.linkonce.r*)
                0x00000000008003c2                . = ALIGN (0x2)
                0x00000000008003c2                _edata = .
                0x00000000008003c2                PROVIDE (__data_end = .)

.bss            0x00000000008003c2        0x4
                0x00000000008003c2                PROVIDE (__bss_start = .)
 *(.bss)
 .bss           0x00000000008003c2        0x0 /usr/lib/gcc/avr/11.2.0/../../../../avr/lib/avr5/crtatmega324pa.o
 .bss           0x00000000008003c2        0x0 test.o
 .bss           0x00000000008003c2        0x0 ../../lib//libmylib.a(communication.o)
 .bss           0x00000000008003c2        0x0 ../../lib//libmylib.a(memoire_24.o)
 .bss           0x00000000008003c2        0x4 ../../lib//libmylib.a(svg.o)
                0x00000000008003c2                _ZN3SVG4crc_E
 .bss           0x00000000008003c6        0x0 ../../lib//libmylib.a(vector.o)
 .bss           0x00000000008003c6        0x0 ../../lib//libmylib.a(area.o)
 .bss           0x00000000008003c6        0x0 ../../lib//libmylib.a(point.o)
 .bss           0x00000000008003c6        0x0 ../../lib//libmylib.a(shape.o)
 .bss           0x00000000008003c6        0x0 /usr/lib/gcc/avr/11.2.0/avr5/libgcc.a(_udivmodhi4.o)
 .bss           0x00000000008003c6        0x0 /usr/lib/gcc/avr/11.2.0/avr5/libgcc.a(_divmodhi4.o)
 .bss           0x00000000008003c6        0x0 /usr/lib/gcc/avr/11.2.0/avr5/libgcc.a(_exit.o)
 .bss           0x00000000008003c6        0x0 /usr/lib/gcc/avr/11.2.0/avr5/libgcc.a(_copy_data.o)
 .bss           0x00000000008003c6        0x0 /usr/lib/gcc/avr/11.2.0/avr5/libgcc.a(_clear_bss.o)
 .bss           0x00000000008003c6        0x0 /usr/lib/gcc/avr/11.2.0/../../../../avr/lib/avr5/libm.a(addsf3.o)
 .bss           0x00000000008003c6        0x0 /usr/lib/gcc/avr/11.2.0/../../../../avr/lib/avr5/libm.a(addsf3x.o)
 .bss           0x00000000008003c6        0x0 /usr/lib/gcc/avr/11.2.0/../../../../avr/lib/avr5/libm.a(fixsfsi.o)
 .bss           0x00000000008003c6        0x0 /usr/lib/gcc/avr/11.2.0/../../../../avr/lib/avr5/libm.a(fixunssfsi.o)
 .bss           0x00000000008003c6        0x0 /usr/lib/gcc/avr/11.2.0/../../../../avr/lib/avr5/libm.a(floatsisf.o)
 .bss           0x00000000008003c6        0x0 /usr/lib/gcc/avr/11.2.0/../../../../avr/lib/avr5/libm.a(fp_inf.o)
 .bss           0x00000000008003c6        0x0 /usr/lib/gcc/avr/11.2.0/../../../../avr/lib/avr5/libm.a(fp_nan.o)
 .bss           0x00000000008003c6        0x0 /usr/lib/gcc/avr/11.2.0/../../../../avr/lib/avr5/libm.a(fp_pscA.o)
 .bss           0x00000000008003c6        0x0 /usr/lib/gcc/avr/11.2.0/../../../../avr/lib/avr5/libm.a(fp_pscB.o)
 .bss           0x00000000008003c6        0x0 /usr/lib/gcc/avr/11.2.0/../../../../avr/lib/avr5/libm.a(fp_round.o)
 .bss           0x00000000008003c6        0x0 /usr/lib/gcc/avr/11.2.0/../../../../avr/lib/avr5/libm.a(fp_split3.o)
 .bss           0x00000000008003c6        0x0 /usr/lib/gcc/avr/11.2.0/../../../../avr/lib/avr5/libm.a(fp_zero.o)
 .bss           0x00000000008003c6        0x0 /usr/lib/gcc/avr/11.2.0/../../../../avr/lib/avr5/libm.a(mulsf3.o)
 .bss           0x00000000008003c6        0x0 /usr/lib/gcc/avr/11.2.0/../../../../avr/lib/avr5/libm.a(mulsf3x.o)
 .bss           0x00000000008003c6        0x0 /usr/lib/gcc/avr/11.2.0/../../../../avr/lib/avr5/libm.a(square.o)
 .bss           0x00000000008003c6        0x0 /usr/lib/gcc/avr/11.2.0/../../../../avr/lib/avr5/libc.a(itoa_ncheck.o)
 .bss           0x00000000008003c6        0x0 /usr/lib/gcc/avr/11.2.0/../../../../avr/lib/avr5/libc.a(utoa_ncheck.o)
 .bss           0x00000000008003c6        0x0 /usr/lib/gcc/avr/11.2.0/../../../../avr/lib/avr5/libc.a(strrev.o)
 *(.bss*)
 *(COMMON)
                0x00000000008003c6                PROVIDE (__bss_end = .)
                0x0000000000001992                __data_load_start = LOADADDR (.data)
                0x0000000000001c54                __data_load_end = (__data_load_start + SIZEOF (.data))

.noinit         0x00000000008003c6        0x0
                [!provide]                        PROVIDE (__noinit_start = .)
 *(.noinit .noinit.* .gnu.linkonce.n.*)
                [!provide]                        PROVIDE (__noinit_end = .)
                0x00000000008003c6                _end = .
                [!provide]                        PROVIDE (__heap_start = .)

.eeprom         0x0000000000810000        0x0
 *(.eeprom*)
                0x0000000000810000                __eeprom_end = .

.fuse
 *(.fuse)
 *(.lfuse)
 *(.hfuse)
 *(.efuse)

.lock
 *(.lock*)

.signature
 *(.signature*)

.stab           0x0000000000000000     0x3b28
 *(.stab)
 .stab          0x0000000000000000      0x27c test.o
 .stab          0x000000000000027c      0x21c ../../lib//libmylib.a(communication.o)
                                        0x228 (size before relaxing)
 .stab          0x0000000000000498      0xca8 ../../lib//libmylib.a(memoire_24.o)
                                        0xcb4 (size before relaxing)
 .stab          0x0000000000001140      0xf00 ../../lib//libmylib.a(svg.o)
                                        0xf0c (size before relaxing)
 .stab          0x0000000000002040      0x528 ../../lib//libmylib.a(vector.o)
                                        0x534 (size before relaxing)
 .stab          0x0000000000002568      0x3c0 ../../lib//libmylib.a(area.o)
                                        0x3cc (size before relaxing)
 .stab          0x0000000000002928      0x324 ../../lib//libmylib.a(point.o)
                                        0x330 (size before relaxing)
 .stab          0x0000000000002c4c      0xedc ../../lib//libmylib.a(shape.o)
                                        0xee8 (size before relaxing)

.stabstr        0x0000000000000000     0x2f1d
 *(.stabstr)
 .stabstr       0x0000000000000000     0x2f1d test.o

.stab.excl
 *(.stab.excl)

.stab.exclstr
 *(.stab.exclstr)

.stab.index
 *(.stab.index)

.stab.indexstr
 *(.stab.indexstr)

.comment        0x0000000000000000       0x23
 *(.comment)
 .comment       0x0000000000000000       0x23 test.o
                                         0x24 (size before relaxing)
 .comment       0x0000000000000023       0x24 ../../lib//libmylib.a(communication.o)
 .comment       0x0000000000000023       0x24 ../../lib//libmylib.a(memoire_24.o)
 .comment       0x0000000000000023       0x24 ../../lib//libmylib.a(svg.o)
 .comment       0x0000000000000023       0x24 ../../lib//libmylib.a(vector.o)
 .comment       0x0000000000000023       0x24 ../../lib//libmylib.a(area.o)
 .comment       0x0000000000000023       0x24 ../../lib//libmylib.a(point.o)
 .comment       0x0000000000000023       0x24 ../../lib//libmylib.a(shape.o)

.note.gnu.avr.deviceinfo
                0x0000000000000000       0x40
 .note.gnu.avr.deviceinfo
                0x0000000000000000       0x40 /usr/lib/gcc/avr/11.2.0/../../../../avr/lib/avr5/crtatmega324pa.o

.note.gnu.build-id
 *(.note.gnu.build-id)

.debug
 *(.debug)

.line
 *(.line)

.debug_srcinfo
 *(.debug_srcinfo)

.debug_sfnames
 *(.debug_sfnames)

.debug_aranges
 *(.debug_aranges)

.debug_pubnames
 *(.debug_pubnames)

.debug_info     0x0000000000000000      0x6cc
 *(.debug_info .gnu.linkonce.wi.*)
 .debug_info    0x0000000000000000      0x6cc /usr/lib/gcc/avr/11.2.0/../../../../avr/lib/avr5/crtatmega324pa.o

.debug_abbrev   0x0000000000000000      0x66e
 *(.debug_abbrev)
 .debug_abbrev  0x0000000000000000      0x66e /usr/lib/gcc/avr/11.2.0/../../../../avr/lib/avr5/crtatmega324pa.o

.debug_line     0x0000000000000000       0x1d
 *(.debug_line .debug_line.* .debug_line_end)
 .debug_line    0x0000000000000000       0x1d /usr/lib/gcc/avr/11.2.0/../../../../avr/lib/avr5/crtatmega324pa.o

.debug_frame
 *(.debug_frame)

.debug_str      0x0000000000000000      0x255
 *(.debug_str)
 .debug_str     0x0000000000000000      0x255 /usr/lib/gcc/avr/11.2.0/../../../../avr/lib/avr5/crtatmega324pa.o

.debug_loc
 *(.debug_loc)

.debug_macinfo
 *(.debug_macinfo)

.debug_weaknames
 *(.debug_weaknames)

.debug_funcnames
 *(.debug_funcnames)

.debug_typenames
 *(.debug_typenames)

.debug_varnames
 *(.debug_varnames)

.debug_pubtypes
 *(.debug_pubtypes)

.debug_ranges
 *(.debug_ranges)

.debug_addr
 *(.debug_addr)

.debug_line_str
 *(.debug_line_str)

.debug_loclists
 *(.debug_loclists)

.debug_macro
 *(.debug_macro)

.debug_names
 *(.debug_names)

.debug_rnglists
 *(.debug_rnglists)

.debug_str_offsets
 *(.debug_str_offsets)

.debug_sup
 *(.debug_sup)
OUTPUT(tests.elf elf32-avr)
LOAD linker stubs
